// Jest Snapshot v1, https://goo.gl/fbAQLP

exports[`Pruebas Register Screen should render the register component 1`] = `ReactWrapper {}`;
