// Jest Snapshot v1, https://goo.gl/fbAQLP

exports[`Pruebas app router should render the router 1`] = `ReactWrapper {}`;
