// Jest Snapshot v1, https://goo.gl/fbAQLP

exports[`Pruebas Location Handler should render the  component 1`] = `ReactWrapper {}`;
