// Jest Snapshot v1, https://goo.gl/fbAQLP

exports[`Pruebas Card Screen should render the  component 1`] = `ShallowWrapper {}`;
