// Jest Snapshot v1, https://goo.gl/fbAQLP

exports[`Pruebas Card should render the component 1`] = `ReactWrapper {}`;
