// Jest Snapshot v1, https://goo.gl/fbAQLP

exports[`Pruebas Create Modal should render the  component 1`] = `ReactWrapper {}`;
